// Jest Snapshot v1, https://goo.gl/fbAQLP

exports[`mock-server get 1`] = `
"<!DOCTYPE html>
<html lang=\\"ja\\">
<head>
  <meta charset=\\"UTF-8\\">
  <meta http-equiv=\\"X-UA-Compatible\\" content=\\"IE=edge\\">
  <meta name=\\"viewport\\" content=\\"width=device-width, initial-scale=1.0\\">
  <title>テスト</title>
</head>
<body>
  <h1>テスト</h1>
</body>
</html>"
`;

exports[`mock-server get: toConsoleOutputMatchingSnapshot:error 1`] = `Array []`;

exports[`mock-server get: toConsoleOutputMatchingSnapshot:log 1`] = `Array []`;

exports[`mock-server not found 1`] = `"Request failed with status code 404"`;

exports[`mock-server not found: toConsoleOutputMatchingSnapshot:error 1`] = `
Array [
  Array [
    "ファイルが見つかりません。: /notexist.txt",
  ],
]
`;

exports[`mock-server not found: toConsoleOutputMatchingSnapshot:log 1`] = `Array []`;

exports[`mock-server port used 1`] = `"listen EADDRINUSE: address already in use :::50000"`;
